W0917 22:27:48.594000 40508 Lib\site-packages\torch\distributed\elastic\multiprocessing\redirects.py:29] NOTE: Redirects are currently not supported in Windows or MacOs.

Loading weights:   0%|          | 0/426 [00:00<?, ?it/s]
Loading weights:   0%|          | 1/426 [00:00<01:21,  5.19it/s]
Loading weights:   2%|▏         | 10/426 [00:00<00:11, 36.81it/s]
Loading weights:   5%|▌         | 22/426 [00:00<00:07, 51.31it/s]
Loading weights:   9%|▊         | 37/426 [00:00<00:05, 66.03it/s]
Loading weights:  10%|█         | 44/426 [00:00<00:06, 61.67it/s]
Loading weights:  14%|█▎        | 58/426 [00:00<00:04, 77.98it/s]
Loading weights:  16%|█▌        | 67/426 [00:01<00:04, 73.11it/s]
Loading weights:  18%|█▊        | 76/426 [00:01<00:04, 73.61it/s]
Loading weights:  20%|██        | 87/426 [00:01<00:04, 81.10it/s]
Loading weights:  23%|██▎       | 96/426 [00:01<00:05, 65.88it/s]
Loading weights:  26%|██▌       | 110/426 [00:01<00:03, 82.11it/s]
Loading weights:  28%|██▊       | 120/426 [00:01<00:03, 78.76it/s]
Loading weights:  30%|███       | 129/426 [00:01<00:03, 78.24it/s]
Loading weights:  33%|███▎      | 142/426 [00:01<00:03, 86.04it/s]
Loading weights:  35%|███▌      | 151/426 [00:02<00:04, 68.65it/s]
Loading weights:  39%|███▉      | 167/426 [00:02<00:03, 84.12it/s]
Loading weights:  42%|████▏     | 177/426 [00:02<00:02, 85.48it/s]
Loading weights:  44%|████▍     | 187/426 [00:02<00:02, 79.78it/s]
Loading weights:  46%|████▌     | 196/426 [00:02<00:02, 82.08it/s]
Loading weights:  48%|████▊     | 205/426 [00:02<00:03, 68.41it/s]
Loading weights:  52%|█████▏    | 221/426 [00:03<00:02, 76.78it/s]
Loading weights:  55%|█████▍    | 234/426 [00:03<00:02, 73.52it/s]
Loading weights:  58%|█████▊    | 249/426 [00:03<00:02, 83.40it/s]
Loading weights:  61%|██████    | 258/426 [00:03<00:02, 76.54it/s]
Loading weights:  63%|██████▎   | 269/426 [00:03<00:01, 83.70it/s]
Loading weights:  65%|██████▌   | 278/426 [00:03<00:01, 80.32it/s]
Loading weights:  67%|██████▋   | 287/426 [00:03<00:01, 70.69it/s]
Loading weights:  71%|███████   | 301/426 [00:04<00:01, 71.31it/s]
Loading weights:  73%|███████▎  | 309/426 [00:04<00:01, 66.25it/s]
Loading weights:  77%|███████▋  | 326/426 [00:04<00:01, 71.33it/s]
Loading weights:  80%|███████▉  | 340/426 [00:04<00:01, 77.05it/s]
Loading weights:  83%|████████▎ | 353/426 [00:04<00:00, 86.53it/s]
Loading weights:  85%|████████▌ | 363/426 [00:05<00:01, 61.29it/s]
Loading weights:  89%|████████▉ | 379/426 [00:05<00:00, 78.24it/s]
Loading weights:  91%|█████████▏| 389/426 [00:05<00:00, 75.48it/s]
Loading weights:  93%|█████████▎| 398/426 [00:05<00:00, 72.58it/s]
Loading weights:  96%|█████████▌| 407/426 [00:05<00:00, 71.10it/s]
Loading weights:  97%|█████████▋| 415/426 [00:05<00:00, 65.38it/s]
Loading weights: 100%|██████████| 426/426 [00:05<00:00, 73.64it/s]
{"event": "loaded", "seconds": 9.83303469999737, "model_class": "Qwen3_5ForCausalLM", "gpu": "NVIDIA GeForce RTX 5070 Ti", "allocated_gb": 7.83384895324707}
[transformers] `causal_conv1d_fn` is falling back to its reference PyTorch implementation because `causal_conv1d` is not installed. This is correct but much slower; install `causal_conv1d` for the optimized kernel.
[transformers] `causal_conv1d_update` is falling back to its reference PyTorch implementation because `causal_conv1d` is not installed. This is correct but much slower; install `causal_conv1d` for the optimized kernel.
{"event": "batch", "done": 4, "total": 4, "seconds": 67.363, "batch_size": 4, "allocated_gb": 7.841878890991211}
{"n": 4, "received_predictions": 4, "missing_predictions": 0, "accuracy": {"category": 0.25, "priority": 0.25, "sentiment": 0.25, "action": 0.0, "recommended_action": 0.0, "human_escalation": 0.25}, "json_parse_rate": 1.0, "schema_and_invariants_rate": 0.25, "missing_info_set_accuracy": 0.25, "supported_rule_ids_set_accuracy": 0.25, "macro_f1": {"category": {"value": 0.4, "labels_present_in_gold": ["refund"]}, "priority": {"value": 0.4, "labels_present_in_gold": ["medium"]}}, "critical_recall": {"value": null, "correct": 0, "total": 0}, "by_state": {"false": {"n": 1, "action_accuracy": 0.0}, "true": {"n": 3, "action_accuracy": 0.0}}, "human_evaluation": {"reviewed": 0, "coverage": 0.0, "hallucination_rate": null, "mean_response_quality_1_to_5": null}, "dataset_fingerprint": "0d3723dcd2d1623c46da303b9da1ae27bc67acb6beee224b110a026a89fd3374", "note": "Invalid or missing outputs fail all task fields. Human rates cover reviewed subset only; null means not measured. Reply exact match is not used."}
