
Loading weights:   0%|          | 0/426 [00:00<?, ?it/s]
Loading weights:   0%|          | 1/426 [00:00<01:02,  6.84it/s]
Loading weights:   2%|▏         | 10/426 [00:00<00:09, 45.55it/s]
Loading weights:   5%|▌         | 23/426 [00:00<00:05, 71.13it/s]
Loading weights:   8%|▊         | 36/426 [00:00<00:04, 85.27it/s]
Loading weights:  11%|█         | 45/426 [00:00<00:05, 68.02it/s]
Loading weights:  14%|█▍        | 60/426 [00:00<00:04, 76.70it/s]
Loading weights:  18%|█▊        | 75/426 [00:00<00:03, 88.08it/s]
Loading weights:  21%|██        | 90/426 [00:01<00:03, 98.56it/s]
Loading weights:  24%|██▎       | 101/426 [00:01<00:03, 95.52it/s]
Loading weights:  27%|██▋       | 116/426 [00:01<00:02, 103.82it/s]
Loading weights:  31%|███       | 130/426 [00:01<00:02, 104.47it/s]
Loading weights:  34%|███▎      | 143/426 [00:01<00:02, 97.48it/s] 
Loading weights:  36%|███▌      | 153/426 [00:01<00:02, 92.47it/s]
Loading weights:  39%|███▉      | 167/426 [00:01<00:02, 102.17it/s]
Loading weights:  42%|████▏     | 178/426 [00:02<00:02, 94.49it/s] 
Loading weights:  44%|████▍     | 188/426 [00:02<00:02, 88.13it/s]
Loading weights:  46%|████▌     | 197/426 [00:02<00:03, 75.30it/s]
Loading weights:  49%|████▉     | 208/426 [00:02<00:02, 81.57it/s]
Loading weights:  52%|█████▏    | 221/426 [00:02<00:02, 87.17it/s]
Loading weights:  55%|█████▍    | 234/426 [00:02<00:02, 84.57it/s]
Loading weights:  58%|█████▊    | 246/426 [00:02<00:02, 84.04it/s]
Loading weights:  60%|█████▉    | 255/426 [00:03<00:02, 72.76it/s]
Loading weights:  63%|██████▎   | 269/426 [00:03<00:01, 86.65it/s]
Loading weights:  65%|██████▌   | 279/426 [00:03<00:01, 78.51it/s]
Loading weights:  68%|██████▊   | 288/426 [00:03<00:02, 68.84it/s]
Loading weights:  71%|███████   | 301/426 [00:03<00:01, 69.80it/s]
Loading weights:  73%|███████▎  | 309/426 [00:03<00:01, 70.44it/s]
Loading weights:  76%|███████▌  | 322/426 [00:03<00:01, 76.66it/s]
Loading weights:  77%|███████▋  | 330/426 [00:04<00:01, 72.75it/s]
Loading weights:  79%|███████▉  | 338/426 [00:04<00:01, 72.31it/s]
Loading weights:  82%|████████▏ | 349/426 [00:04<00:00, 79.68it/s]
Loading weights:  84%|████████▍ | 358/426 [00:04<00:00, 74.66it/s]
Loading weights:  86%|████████▌ | 366/426 [00:04<00:00, 69.65it/s]
Loading weights:  89%|████████▉ | 379/426 [00:04<00:00, 80.68it/s]
Loading weights:  91%|█████████▏| 389/426 [00:04<00:00, 77.52it/s]
Loading weights:  93%|█████████▎| 397/426 [00:04<00:00, 71.76it/s]
Loading weights:  96%|█████████▌| 408/426 [00:05<00:00, 67.10it/s]
Loading weights:  97%|█████████▋| 415/426 [00:05<00:00, 64.21it/s]
Loading weights: 100%|██████████| 426/426 [00:05<00:00, 80.14it/s]
{"event": "loaded", "seconds": 7.060073900000134, "model_class": "Qwen3_5ForCausalLM", "gpu": "NVIDIA GeForce RTX 5070 Ti", "allocated_gb": 7.83384895324707}
[transformers] `causal_conv1d_fn` is falling back to its reference PyTorch implementation because `causal_conv1d` is not installed. This is correct but much slower; install `causal_conv1d` for the optimized kernel.
[transformers] `chunk_gated_delta_rule` is falling back to its reference PyTorch implementation because `flash-linear-attention` is not installed. This is correct but much slower; install `flash-linear-attention` for the optimized kernel.
[transformers] `causal_conv1d_update` is falling back to its reference PyTorch implementation because `causal_conv1d` is not installed. This is correct but much slower; install `causal_conv1d` for the optimized kernel.
[transformers] `fused_recurrent_gated_delta_rule` is falling back to its reference PyTorch implementation because `flash-linear-attention` is not installed. This is correct but much slower; install `flash-linear-attention` for the optimized kernel.
{"event": "batch", "done": 4, "total": 4, "seconds": 100.676, "batch_size": 4, "allocated_gb": 7.841882228851318}
{"n": 4, "received_predictions": 4, "missing_predictions": 0, "accuracy": {"category": 0.0, "priority": 0.0, "sentiment": 0.0, "action": 0.0, "recommended_action": 0.0, "human_escalation": 0.0}, "json_parse_rate": 1.0, "schema_and_invariants_rate": 0.0, "missing_info_set_accuracy": 0.0, "supported_rule_ids_set_accuracy": 0.0, "macro_f1": {"category": {"value": 0.0, "labels_present_in_gold": ["refund"]}, "priority": {"value": 0.0, "labels_present_in_gold": ["medium"]}}, "critical_recall": {"value": null, "correct": 0, "total": 0}, "by_state": {"false": {"n": 1, "action_accuracy": 0.0}, "true": {"n": 3, "action_accuracy": 0.0}}, "human_evaluation": {"reviewed": 0, "coverage": 0.0, "hallucination_rate": null, "mean_response_quality_1_to_5": null}, "dataset_fingerprint": "0d3723dcd2d1623c46da303b9da1ae27bc67acb6beee224b110a026a89fd3374", "note": "Invalid or missing outputs fail all task fields. Human rates cover reviewed subset only; null means not measured. Reply exact match is not used."}
