Warning: You are sending unauthenticated requests to the HF Hub. Please set a HF_TOKEN to enable higher rate limits and faster downloads.
C:\Users\zheny\OneDrive\Desktop\projects\finetune-capstone-project\.venv\Lib\site-packages\huggingface_hub\file_download.py:150: UserWarning: `huggingface_hub` cache-system uses symlinks by default to efficiently store duplicated files but your machine does not support them in C:\Users\zheny\.cache\huggingface\hub\datasets--A11Sunday--support-json-ru. Caching files will still work but in a degraded version that might require more space on your disk. This warning can be disabled by setting the `HF_HUB_DISABLE_SYMLINKS_WARNING` environment variable. For more details, see https://huggingface.co/docs/huggingface_hub/how-to-cache#limitations.
To support symlinks on Windows, you either need to activate Developer Mode or to run Python as an administrator. In order to activate developer mode, see this article: https://docs.microsoft.com/en-us/windows/apps/get-started/enable-your-device-for-development
  warnings.warn(message)
C:\Users\zheny\OneDrive\Desktop\projects\finetune-capstone-project\.venv\Lib\site-packages\huggingface_hub\file_download.py:150: UserWarning: `huggingface_hub` cache-system uses symlinks by default to efficiently store duplicated files but your machine does not support them in C:\Users\zheny\.cache\huggingface\hub. Caching files will still work but in a degraded version that might require more space on your disk. This warning can be disabled by setting the `HF_HUB_DISABLE_SYMLINKS_WARNING` environment variable. For more details, see https://huggingface.co/docs/huggingface_hub/how-to-cache#limitations.
To support symlinks on Windows, you either need to activate Developer Mode or to run Python as an administrator. In order to activate developer mode, see this article: https://docs.microsoft.com/en-us/windows/apps/get-started/enable-your-device-for-development
  warnings.warn(message)

Generating train split: 0 examples [00:00, ? examples/s]
Generating train split: 512 examples [00:00, 13434.54 examples/s]

Generating validation split: 0 examples [00:00, ? examples/s]
Generating validation split: 96 examples [00:00, 7103.97 examples/s]

Generating test split: 0 examples [00:00, ? examples/s]
Generating test split: 108 examples [00:00, 11363.54 examples/s]
selected: anonymous load and all contracts verified

Generating train split: 0 examples [00:00, ? examples/s]
Generating train split: 192 examples [00:00, 31964.21 examples/s]

Generating validation split: 0 examples [00:00, ? examples/s]
Generating validation split: 96 examples [00:00, 7994.07 examples/s]

Generating test split: 0 examples [00:00, ? examples/s]
Generating test split: 108 examples [00:00, 10270.60 examples/s]
pilot: anonymous load and all contracts verified

Generating train split: 0 examples [00:00, ? examples/s]
Generating train split: 1024 examples [00:00, 65981.00 examples/s]
expanded_trained: anonymous load and all contracts verified

Generating train split: 0 examples [00:00, ? examples/s]
Generating train split: 10000 examples [00:00, 148000.48 examples/s]
expanded_candidates: anonymous load and all contracts verified
